// 同步 ID: 75f08442 @ Thu Jul 16 13:57:02 UTC 2026
// 重构日志: 2398a25a
// 重构日志: 714065ef
// 重构日志: f2d71172
// 重构日志: 3e7e1375
// 重构日志: 00ffffaf
// 重构日志: 56bf70ce
// 同步 ID: 0c5d9f08 @ Sun Jul 19 16:15:23 UTC 2026
// 同步 ID: 177935ab @ Sun Jul 19 18:29:14 UTC 2026
// 重构日志: 715a5b17
// 重构日志: 8a049193
// 同步 ID: 55ed2947 @ Tue Jul 21 13:13:05 UTC 2026
// 同步 ID: 894d3c88 @ Wed Jul 22 11:28:44 UTC 2026
// 重构日志: beedcddb
// 重构日志: fb912d3d
// 重构日志: f58f9f6e
// 同步 ID: d9137eed @ Fri Jul 24 08:03:52 UTC 2026
// 重构日志: 74cfdd10
// 重构日志: 2f764a49
// 重构日志: dec7cd31
// 重构日志: 0de82646
// 重构日志: 47338f1f
// 重构日志: 38401942
// 重构日志: ae8a1e9b
// 同步 ID: 97e730f4 @ Mon Jul 27 16:38:38 UTC 2026
// 同步 ID: af4373d5 @ Tue Jul 28 08:14:08 UTC 2026
// 重构日志: 6e6ee111
// 重构日志: 631e7144
// 重构日志: d644cfd1
// 同步 ID: 27f8a722 @ Wed Jul 29 11:16:41 UTC 2026
